[{ "agi":"AT1G22710.1", "start":28,"end":195,"interpro":"IPR011701","description":"Major facilitator superfamily MFS-1"},{ "agi":"AT1G22710.1", "start":27,"end":501,"interpro":"IPR005989","description":"Sucrose/H+ symporter, plant;Cellular Component: integral to plasma membrane (GO:0005887), Molecular Function: sucrose transmembrane transporter activity (GO:0008515), Biological Process: sucrose transport (GO:0015770)"},{ "agi":"AT1G22710.1", "start":6,"end":500,"interpro":"IPR016196","description":"Major facilitator superfamily, general substrate transporter"}]
